generic_label  max-pick pa 16/441=0.0363 W[0.0225, 0.0581] | topic 0.0366 lang 0.0354 | pass 0.0  ||  cal ('gap', np.float64(0.4)) pa 0.0068 W[0.0023, 0.0198] topic 0.0061 pass 7/180=0.0389 [0.019, 0.0781] FC 0.0528
generic_bare   max-pick pa 32/441=0.0726 W[0.0519, 0.1006] | topic 0.0823 lang 0.0442 | pass 0.0  ||  cal ('gap', np.float64(0.3)) pa 0.0499 W[0.0332, 0.0744] topic 0.0579 pass 9/180=0.05 [0.0265, 0.0923] FC 0.0563
style3         max-pick pa 161/441=0.3651 W[0.3215, 0.411] | topic 0.1463 lang 1.0 | pass 0.0111  ||  cal ('gap', np.float64(0.45)) pa 0.3288 W[0.2866, 0.374] topic 0.1189 pass 20/180=0.1111 [0.0731, 0.1654] FC 0.2148
encyc4_max     max-pick pa 238/441=0.5397 W[0.493, 0.5857] | topic 0.3811 lang 1.0 | pass 0.0111  ||  cal ('auc', np.float64(0.7)) pa 0.4036 W[0.3589, 0.4501] topic 0.2165 pass 26/180=0.1444 [0.1005, 0.2032] FC 0.1056
gen_all        max-pick pa 297/441=0.6735 W[0.6284, 0.7156] | topic 0.6616 lang 0.708 | pass 0.0556  ||  cal ('gap', np.float64(0.35)) pa 0.5828 W[0.5362, 0.6279] topic 0.5579 pass 25/180=0.1389 [0.0959, 0.197] FC 0.3521
gen1_cap       max-pick pa 252/441=0.5714 W[0.5248, 0.6168] | topic 0.5396 lang 0.6637 | pass 0.0278  ||  cal ('gap', np.float64(0.4)) pa 0.5125 W[0.4659, 0.5588] topic 0.4787 pass 21/180=0.1167 [0.0776, 0.1718] FC 0.2746
name3          max-pick pa 13/441=0.0295 W[0.0173, 0.0498] | topic 0.0335 lang 0.0177 | pass 0.0  ||  cal ('gap', np.float64(0.55)) pa 0.0 W[0.0, 0.0086] topic 0.0 pass 4/180=0.0222 [0.0087, 0.0557] FC 0.1021
tmpl7_posthoc  max-pick pa 243/441=0.551 W[0.5044, 0.5968] | topic 0.3963 lang 1.0 | pass 0.0167  ||  cal ('auc', np.float64(0.7)) pa 0.3265 W[0.2844, 0.3716] topic 0.1128 pass 24/180=0.1333 [0.0913, 0.1907] FC 0.0704
template_probe replica agreement 725 / 725
{"n_slots": 725, "n_values": 87000, "abs_diff": {"median": 0.0, "p99": 0.1283, "max": 6.5352}, "same_SR-max_pick": 712, "same_SR-thr_choice": 723, "planted_acc_live": {"SR-max": [386, 441, 0.8753, [0.8412, 0.9029]], "SR-thr": [322, 441, 0.7302, [0.6869, 0.7695]], "SR-max_topic": [273, 328, 0.8323, [0.7881, 0.8688]], "SR-thr_topic": [209, 328, 0.6372, [0.5839, 0.6874]]}, "planted_acc_offline_recomputed": {"SR-max": 385, "SR-thr": 322, "n": 441}}
{"n_slot_recipes": 120, "same_max_pick": 118, "abs_diff_median": 0.0, "abs_diff_max": 5.691}
	Command being timed: "/opt/pytorch/bin/python tasks/featurematch/diagnosis/step3_skeptic/cheap_recipes.py"
	User time (seconds): 10.64
	System time (seconds): 0.24
	Percent of CPU this job got: 107%
	Elapsed (wall clock) time (h:mm:ss or m:ss): 0:10.10
	Average shared text size (kbytes): 0
	Average unshared data size (kbytes): 0
	Average stack size (kbytes): 0
	Average total size (kbytes): 0
	Maximum resident set size (kbytes): 406680
	Average resident set size (kbytes): 0
	Major (requiring I/O) page faults: 0
	Minor (reclaiming a frame) page faults: 46210
	Voluntary context switches: 20
	Involuntary context switches: 170
	Swaps: 0
	File system inputs: 0
	File system outputs: 120
	Socket messages sent: 0
	Socket messages received: 0
	Signals delivered: 0
	Page size (bytes): 4096
	Exit status: 0
