06:39:47 city_state Texas L18: 19.0s pool=13 ref5=[13331] J=[0.68, 0.68, 0.67, 0.67, 0.67, 0.66, 0.66, 0.65, 0.62, 0.59]
06:40:24 city_state California L18: 37.2s pool=15 ref5=[11513, 4618, 9209, 194] J=[0.28, 0.5, 0.51, 0.51, 0.51, 0.51, 0.5, 0.5, 0.5, 0.5]
06:40:55 city_state Florida L18: 30.3s pool=12 ref5=[15026, 3564, 11447, 14224] J=[0.29, 0.46, 0.52, 0.52, 0.52, 0.52, 0.52, 0.52, 0.51, 0.51]
06:41:24 city_state New York L18: 28.9s pool=12 ref5=[7159, 4976, 15199, 9209, 194] J=[0.33, 0.41, 0.49, 0.54, 0.54, 0.54, 0.54, 0.54, 0.52, 0.51]
06:42:13 city_state Ohio L18: 49.9s pool=14 ref5=[15214, 11416, 4511, 12686, 5369] J=[0.3, 0.52, 0.56, 0.61, 0.62, 0.61, 0.61, 0.61, 0.6, 0.6]
06:42:51 city_state Pennsylvania L18: 37.4s pool=13 ref5=[16257, 7329, 12097, 8298, 9925] J=[0.06, 0.15, 0.27, 0.38, 0.49, 0.5, 0.54, 0.58, 0.58, 0.58]
06:43:27 city_state Michigan L18: 36.5s pool=13 ref5=[14868] J=[1.0, 0.99, 0.99, 0.99, 0.99, 0.98, 0.98, 0.98, 0.97, 0.97]
06:44:05 city_state Illinois L18: 37.3s pool=14 ref5=[14792, 5008, 7453, 12610] J=[0.45, 0.61, 0.62, 0.63, 0.63, 0.63, 0.63, 0.62, 0.62, 0.61]
06:44:28 city_state Georgia L18: 23.5s pool=12 ref5=[5465, 5477, 14224] J=[0.61, 0.94, 0.98, 0.98, 0.98, 0.98, 0.97, 0.97, 0.96, 0.95]
06:45:11 city_state Arizona L18: 42.9s pool=12 ref5=[10472] J=[1.0, 0.99, 0.99, 0.99, 0.98, 0.98, 0.97, 0.96, 0.95, 0.94]
06:45:42 city_state Washington L18: 30.7s pool=13 ref5=[8019, 15931, 1782] J=[0.59, 0.91, 0.94, 0.94, 0.94, 0.94, 0.94, 0.93, 0.93, 0.92]
06:46:14 city_state Massachusetts L18: 31.5s pool=12 ref5=[16377, 8932, 6600, 13632] J=[0.68, 0.87, 0.93, 0.93, 0.93, 0.93, 0.92, 0.92, 0.92, 0.91]
06:47:16 city_capital Texas L18: 62.4s pool=12 ref5=[13331, 8037] J=[0.98, 0.99, 0.99, 0.96, 0.93, 0.89, 0.85, 0.78, 0.7, 0.46]
06:48:12 city_capital California L18: 56.1s pool=13 ref5=[13527, 11513, 194, 9907] J=[0.31, 0.43, 0.46, 0.49, 0.49, 0.49, 0.48, 0.49, 0.45, 0.39]
06:49:03 city_capital Florida L18: 50.4s pool=14 ref5=[15026, 16257, 9472, 9] J=[0.58, 0.6, 0.6, 0.61, 0.61, 0.61, 0.59, 0.58, 0.57, 0.53]
06:50:08 city_capital New York L18: 65.4s pool=15 ref5=[7159, 15199, 4976, 15025, 8037] J=[0.52, 0.64, 0.73, 0.73, 0.74, 0.74, 0.74, 0.74, 0.74, 0.73]
06:51:00 city_capital Ohio L18: 51.8s pool=14 ref5=[15214, 11416, 6723] J=[0.61, 0.93, 0.97, 0.97, 0.97, 0.97, 0.97, 0.97, 0.95, 0.89]
06:52:10 city_capital Pennsylvania L18: 69.9s pool=13 ref5=[16257, 12097, 9864, 8298, 7373] J=[0.4, 0.49, 0.59, 0.62, 0.64, 0.65, 0.64, 0.62, 0.57, 0.5]
06:53:24 city_capital Michigan L18: 73.9s pool=13 ref5=[14868, 6723, 9475, 6600, 12522] J=[0.55, 0.72, 0.81, 0.81, 0.87, 0.86, 0.83, 0.81, 0.77, 0.7]
06:54:14 city_capital Illinois L18: 50.5s pool=13 ref5=[14792] J=[0.99, 0.99, 0.98, 0.97, 0.97, 0.96, 0.95, 0.89, 0.87, 0.77]
06:55:06 city_capital Georgia L18: 51.9s pool=14 ref5=[5465, 5477, 1132] J=[0.91, 0.98, 0.98, 0.98, 0.98, 0.97, 0.97, 0.97, 0.96, 0.95]
06:56:00 city_capital Arizona L18: 53.4s pool=13 ref5=[10472, 15025, 2099] J=[0.99, 0.99, 0.99, 0.99, 0.98, 0.98, 0.97, 0.96, 0.95, 0.92]
06:57:08 city_capital Washington L18: 68.4s pool=14 ref5=[8019, 15931, 4400, 15025] J=[0.3, 0.62, 0.84, 0.88, 0.88, 0.87, 0.87, 0.87, 0.86, 0.81]
06:57:56 city_capital Massachusetts L18: 47.5s pool=13 ref5=[16377, 11925] J=[0.82, 0.99, 0.99, 0.98, 0.97, 0.95, 0.93, 0.91, 0.88, 0.83]
06:58:26 country_lang Spanish L18: 30.1s pool=15 ref5=[6876, 3183, 7840, 8613, 8371] J=[0.36, 0.42, 0.43, 0.44, 0.48, 0.5, 0.52, 0.53, 0.53, 0.53]
06:59:14 country_lang Arabic L18: 47.9s pool=14 ref5=[12446, 6211, 16099, 7979, 3959] J=[0.6, 0.66, 0.72, 0.73, 0.74, 0.73, 0.73, 0.73, 0.73, 0.72]
06:59:50 country_lang French L18: 36.5s pool=12 ref5=[3533] J=[0.99, 0.99, 0.98, 0.97, 0.96, 0.95, 0.94, 0.92, 0.89, 0.85]
07:00:24 country_lang Portuguese L18: 33.4s pool=13 ref5=[6876, 7825, 14999] J=[0.2, 0.57, 0.62, 0.61, 0.61, 0.61, 0.61, 0.61, 0.61, 0.6]
07:01:06 country_lang English L18: 42.7s pool=15 ref5=[8613, 12330, 11053, 10039, 13676] J=[0.3, 0.33, 0.34, 0.34, 0.36, 0.38, 0.38, 0.37, 0.37, 0.36]
07:01:41 athlete_sport basketball L18: 35.0s pool=12 ref5=[5636, 11631, 4651] J=[0.58, 0.66, 0.66, 0.66, 0.66, 0.66, 0.65, 0.65, 0.63, 0.58]
07:02:19 athlete_sport soccer L18: 37.5s pool=13 ref5=[1734, 5964, 12685, 13224, 11925] J=[0.06, 0.09, 0.12, 0.14, 0.15, 0.16, 0.16, 0.16, 0.16, 0.15]
07:03:04 athlete_sport tennis L18: 45.0s pool=15 ref5=[1823, 9392, 806] J=[0.37, 0.38, 0.38, 0.38, 0.38, 0.38, 0.38, 0.38, 0.32, 0.32]
07:03:39 athlete_sport golf L18: 34.6s pool=15 ref5=[1387, 106, 11925] J=[0.78, 0.84, 0.88, 0.88, 0.88, 0.88, 0.87, 0.87, 0.87, 0.86]
07:04:18 athlete_sport baseball L18: 39.3s pool=12 ref5=[11190, 12413, 7813, 106, 1734] J=[0.39, 0.45, 0.47, 0.48, 0.52, 0.52, 0.52, 0.51, 0.51, 0.5]
07:04:54 athlete_sport hockey L18: 36.0s pool=14 ref5=[7355, 11079, 14237, 372] J=[0.57, 0.73, 0.8, 0.8, 0.79, 0.79, 0.79, 0.78, 0.77, 0.76]
07:05:48 langid French L18: 53.8s pool=15 ref5=[3533, 4571] J=[0.56, 0.98, 0.98, 0.97, 0.97, 0.97, 0.96, 0.96, 0.92, 0.9]
07:06:38 langid Spanish L18: 49.8s pool=14 ref5=[6876, 3125, 12485, 5106] J=[0.74, 0.81, 0.88, 0.88, 0.88, 0.88, 0.87, 0.87, 0.87, 0.87]
07:07:33 langid German L18: 55.0s pool=13 ref5=[921, 2674, 9956, 3834] J=[0.38, 0.53, 0.57, 0.61, 0.6, 0.61, 0.59, 0.6, 0.59, 0.5]
07:08:16 langid Italian L18: 43.5s pool=13 ref5=[2515, 10923, 9350, 7953] J=[0.62, 0.88, 0.98, 0.99, 0.98, 0.98, 0.98, 0.97, 0.97, 0.96]
07:09:02 langid Portuguese L18: 46.2s pool=12 ref5=[5049, 10502] J=[0.98, 0.99, 0.99, 0.98, 0.97, 0.97, 0.95, 0.94, 0.93, 0.92]
07:09:41 langid Dutch L18: 38.9s pool=14 ref5=[13070, 11334, 2674, 801, 3125] J=[0.17, 0.22, 0.24, 0.26, 0.33, 0.38, 0.4, 0.41, 0.4, 0.41]
07:10:05 langid Polish L18: 23.2s pool=14 ref5=[1780, 14433, 2674, 9518, 12408] J=[0.26, 0.32, 0.53, 0.71, 0.72, 0.84, 0.88, 0.87, 0.86, 0.73]
07:10:27 langid Turkish L18: 22.3s pool=12 ref5=[15401, 15493] J=[0.97, 0.99, 0.97, 0.97, 0.97, 0.96, 0.94, 0.9, 0.84, 0.82]
07:11:23 city_state Texas L12: 40.3s pool=13 ref5=[1114, 13186, 12772, 5704] J=[0.33, 0.34, 0.34, 0.38, 0.38, 0.38, 0.4, 0.41, 0.41, 0.41]
07:11:44 city_state California L12: 20.6s pool=14 ref5=[3449, 5215, 7040, 5787, 3999] J=[0.31, 0.37, 0.37, 0.37, 0.37, 0.37, 0.37, 0.36, 0.36, 0.34]
07:12:13 city_state Florida L12: 29.3s pool=14 ref5=[4939, 6211, 5057, 10475, 8099] J=[0.64, 0.68, 0.68, 0.72, 0.72, 0.72, 0.72, 0.71, 0.7, 0.69]
07:12:43 city_state New York L12: 30.2s pool=12 ref5=[10005, 7498, 1390, 8099, 12314] J=[0.29, 0.5, 0.52, 0.54, 0.55, 0.55, 0.55, 0.54, 0.5, 0.46]
07:13:20 city_state Ohio L12: 36.9s pool=15 ref5=[10641, 5787, 7040, 2353, 12051] J=[0.28, 0.32, 0.33, 0.33, 0.33, 0.33, 0.33, 0.33, 0.34, 0.33]
07:13:40 city_state Pennsylvania L12: 19.4s pool=14 ref5=[680, 12314, 1776] J=[0.61, 0.61, 0.61, 0.61, 0.61, 0.6, 0.6, 0.59, 0.57, 0.56]
07:14:02 city_state Michigan L12: 22.1s pool=12 ref5=[13819, 7040, 13075, 10475, 3448] J=[0.07, 0.11, 0.14, 0.26, 0.27, 0.28, 0.28, 0.28, 0.27, 0.27]
07:14:29 city_state Illinois L12: 26.8s pool=14 ref5=[9028, 2694, 14633, 7498, 11675] J=[0.58, 0.73, 0.83, 0.83, 0.83, 0.83, 0.83, 0.83, 0.82, 0.82]
07:14:47 city_state Georgia L12: 18.4s pool=13 ref5=[11127, 11993, 4697] J=[0.37, 0.69, 0.71, 0.7, 0.7, 0.69, 0.69, 0.68, 0.67, 0.66]
07:15:07 city_state Arizona L12: 19.9s pool=12 ref5=[3017, 14721, 2146, 2539, 9625] J=[0.26, 0.45, 0.54, 0.58, 0.64, 0.65, 0.71, 0.7, 0.7, 0.7]
07:15:29 city_state Washington L12: 22.5s pool=13 ref5=[3449, 15614, 2877, 12314, 7040] J=[0.04, 0.09, 0.17, 0.21, 0.22, 0.23, 0.28, 0.27, 0.27, 0.27]
07:15:57 city_state Massachusetts L12: 27.3s pool=12 ref5=[5758] J=[0.98, 0.98, 0.98, 0.97, 0.97, 0.96, 0.95, 0.94, 0.92, 0.9]
07:16:26 city_capital Texas L12: 29.0s pool=14 ref5=[1114, 12132, 1776, 5704, 6211] J=[0.36, 0.55, 0.64, 0.67, 0.68, 0.68, 0.67, 0.63, 0.64, 0.62]
07:16:59 city_capital California L12: 33.1s pool=14 ref5=[3449, 5215, 8806, 6211, 16187] J=[0.31, 0.64, 0.69, 0.69, 0.69, 0.71, 0.72, 0.73, 0.7, 0.64]
07:17:44 city_capital Florida L12: 44.5s pool=14 ref5=[4939, 12314, 12554, 7493, 6211] J=[0.54, 0.61, 0.64, 0.66, 0.68, 0.67, 0.66, 0.67, 0.66, 0.64]
07:18:13 city_capital New York L12: 29.7s pool=14 ref5=[10005, 7498, 12314, 10243, 8306] J=[0.42, 0.6, 0.65, 0.75, 0.77, 0.78, 0.79, 0.78, 0.76, 0.7]
07:18:51 city_capital Ohio L12: 37.8s pool=13 ref5=[10641, 14721, 9701, 13186, 14850] J=[0.71, 0.84, 0.88, 0.94, 0.94, 0.91, 0.89, 0.85, 0.81, 0.78]
07:19:36 city_capital Pennsylvania L12: 45.2s pool=13 ref5=[680, 15614, 2291, 6211] J=[0.66, 0.82, 0.84, 0.86, 0.85, 0.83, 0.83, 0.8, 0.72, 0.64]
07:20:12 city_capital Michigan L12: 35.1s pool=14 ref5=[12132, 9701, 2877, 7498, 13819] J=[0.22, 0.26, 0.28, 0.29, 0.32, 0.35, 0.36, 0.37, 0.39, 0.36]
07:20:41 city_capital Illinois L12: 29.0s pool=12 ref5=[9028] J=[0.99, 0.99, 0.98, 0.98, 0.97, 0.96, 0.95, 0.93, 0.9, 0.87]
07:21:15 city_capital Georgia L12: 34.1s pool=13 ref5=[11127, 11993, 2694, 12554, 11724] J=[0.17, 0.61, 0.69, 0.71, 0.72, 0.73, 0.72, 0.72, 0.69, 0.65]
07:21:45 city_capital Arizona L12: 30.6s pool=12 ref5=[3017, 15614, 5704, 11724, 2864] J=[0.44, 0.61, 0.74, 0.79, 0.84, 0.84, 0.86, 0.87, 0.86, 0.84]
07:22:27 city_capital Washington L12: 42.0s pool=15 ref5=[12132, 12314, 11863, 11973, 2877] J=[0.09, 0.12, 0.16, 0.18, 0.2, 0.24, 0.25, 0.27, 0.27, 0.26]
07:22:52 city_capital Massachusetts L12: 24.2s pool=13 ref5=[5758, 13969] J=[0.82, 0.98, 0.97, 0.97, 0.97, 0.96, 0.95, 0.92, 0.9, 0.87]
07:23:24 country_lang Spanish L12: 32.7s pool=16 ref5=[12734, 1170, 5671, 12729, 6364] J=[0.33, 0.36, 0.37, 0.38, 0.38, 0.38, 0.38, 0.41, 0.4, 0.4]
07:23:48 country_lang Arabic L12: 23.7s pool=12 ref5=[7630, 3330, 12691, 3117, 15785] J=[0.3, 0.69, 0.78, 0.87, 0.88, 0.92, 0.96, 0.96, 0.95, 0.95]
07:24:06 country_lang French L12: 17.6s pool=12 ref5=[3999, 10325, 15921, 4710] J=[0.45, 0.94, 0.95, 0.95, 0.95, 0.94, 0.93, 0.93, 0.91, 0.89]
07:24:27 country_lang Portuguese L12: 20.9s pool=12 ref5=[7943, 12734, 11333, 2353] J=[0.18, 0.36, 0.53, 0.63, 0.63, 0.63, 0.63, 0.62, 0.61, 0.59]
07:25:10 country_lang English L12: 43.4s pool=14 ref5=[15921, 7638, 14153, 3140, 7751] J=[0.05, 0.17, 0.2, 0.21, 0.21, 0.22, 0.22, 0.22, 0.22, 0.22]
07:25:29 athlete_sport basketball L12: 18.9s pool=12 ref5=[7592, 6565, 6364, 7349] J=[0.23, 0.3, 0.37, 0.38, 0.38, 0.38, 0.37, 0.37, 0.37, 0.37]
07:25:52 athlete_sport soccer L12: 23.3s pool=14 ref5=[3819, 10629, 8306, 3442, 7507] J=[0.1, 0.12, 0.15, 0.17, 0.18, 0.19, 0.19, 0.18, 0.18, 0.19]
07:26:26 athlete_sport tennis L12: 33.5s pool=15 ref5=[11259, 7507, 8306, 10629, 15865] J=[0.11, 0.12, 0.13, 0.14, 0.14, 0.16, 0.16, 0.16, 0.16, 0.16]
07:26:47 athlete_sport golf L12: 21.4s pool=15 ref5=[7999, 8821, 12950, 7816, 11306] J=[0.1, 0.11, 0.12, 0.12, 0.13, 0.13, 0.14, 0.14, 0.14, 0.14]
07:27:06 athlete_sport baseball L12: 19.1s pool=12 ref5=[15979, 13860] J=[0.33, 0.37, 0.37, 0.37, 0.37, 0.36, 0.37, 0.37, 0.36, 0.35]
07:27:32 athlete_sport hockey L12: 26.0s pool=12 ref5=[13349, 15625, 2877] J=[0.44, 0.65, 0.7, 0.7, 0.7, 0.7, 0.7, 0.69, 0.69, 0.68]
07:28:10 langid French L12: 37.4s pool=14 ref5=[14123, 10325, 3117, 7507, 10542] J=[0.28, 0.38, 0.43, 0.44, 0.5, 0.5, 0.51, 0.51, 0.5, 0.48]
07:28:58 langid Spanish L12: 48.4s pool=14 ref5=[7660, 12734, 8210, 13596] J=[0.38, 0.71, 0.71, 0.72, 0.71, 0.72, 0.71, 0.68, 0.63, 0.65]
07:29:37 langid German L12: 38.6s pool=16 ref5=[14123, 3117, 9937, 4673, 10600] J=[0.16, 0.26, 0.29, 0.31, 0.33, 0.33, 0.36, 0.37, 0.42, 0.44]
07:30:33 langid Italian L12: 56.0s pool=14 ref5=[12965, 15462, 9527, 11203, 6565] J=[0.51, 0.76, 0.77, 0.8, 0.84, 0.85, 0.85, 0.85, 0.84, 0.83]
07:31:03 langid Portuguese L12: 30.3s pool=12 ref5=[7943] J=[0.99, 0.97, 0.96, 0.94, 0.88, 0.87, 0.82, 0.74, 0.67, 0.61]
07:31:47 langid Dutch L12: 43.7s pool=15 ref5=[1932, 5214, 13860] J=[0.82, 0.85, 0.85, 0.85, 0.84, 0.84, 0.83, 0.83, 0.8, 0.79]
07:32:19 langid Polish L12: 31.5s pool=14 ref5=[10247, 6810, 14123, 6565, 1303] J=[0.62, 0.65, 0.67, 0.7, 0.76, 0.76, 0.74, 0.72, 0.68, 0.65]
07:32:52 langid Turkish L12: 33.8s pool=12 ref5=[5630] J=[0.98, 0.97, 0.94, 0.89, 0.8, 0.69, 0.65, 0.63, 0.56, 0.51]
07:33:26 city_state Texas L6: 22.5s pool=12 ref5=[8718, 14114, 3386] J=[0.12, 0.13, 0.18, 0.18, 0.18, 0.18, 0.18, 0.18, 0.18, 0.18]
07:34:02 city_state California L6: 35.9s pool=15 ref5=[15880, 10344, 14840, 906] J=[0.23, 0.24, 0.25, 0.25, 0.25, 0.25, 0.25, 0.25, 0.25, 0.24]
07:34:32 city_state Florida L6: 30.0s pool=13 ref5=[2592, 1507, 7189, 14349, 7700] J=[0.07, 0.11, 0.14, 0.16, 0.18, 0.19, 0.2, 0.23, 0.23, 0.23]
07:34:57 city_state New York L6: 24.9s pool=12 ref5=[2090, 14135, 8378, 12954, 13902] J=[0.22, 0.36, 0.4, 0.41, 0.43, 0.43, 0.43, 0.43, 0.43, 0.42]
07:36:04 city_capital Texas L6: 66.7s pool=16 ref5=[13972, 6163, 6817, 8718, 11233] J=[0.11, 0.19, 0.21, 0.23, 0.28, 0.29, 0.34, 0.36, 0.34, 0.34]
07:36:47 city_capital California L6: 43.3s pool=12 ref5=[15880, 1208, 1507, 15639, 1827] J=[0.27, 0.47, 0.5, 0.6, 0.61, 0.61, 0.59, 0.57, 0.54, 0.51]
07:37:40 city_capital Florida L6: 53.1s pool=14 ref5=[2592, 14804, 14802, 2856, 13067] J=[0.24, 0.32, 0.4, 0.4, 0.4, 0.43, 0.44, 0.5, 0.5, 0.48]
07:38:34 city_capital New York L6: 53.1s pool=13 ref5=[14135, 2090, 5583, 12954, 8378] J=[0.33, 0.51, 0.53, 0.55, 0.62, 0.67, 0.67, 0.73, 0.73, 0.72]
07:39:04 country_lang Spanish L6: 30.0s pool=15 ref5=[12943, 6022, 1456, 15779, 7669] J=[0.19, 0.24, 0.25, 0.26, 0.27, 0.28, 0.31, 0.32, 0.32, 0.35]
07:39:42 country_lang Arabic L6: 38.8s pool=15 ref5=[15779, 3257, 15446, 9212, 8768] J=[0.08, 0.12, 0.16, 0.19, 0.22, 0.25, 0.27, 0.32, 0.33, 0.34]
07:40:06 country_lang French L6: 23.9s pool=12 ref5=[5673, 7192, 3257, 9212] J=[0.39, 0.53, 0.59, 0.64, 0.64, 0.64, 0.64, 0.63, 0.63, 0.62]
07:40:42 country_lang Portuguese L6: 35.9s pool=12 ref5=[7279, 12943, 8197, 10746] J=[0.14, 0.34, 0.34, 0.35, 0.35, 0.36, 0.36, 0.36, 0.35, 0.35]
07:41:13 athlete_sport basketball L6: 30.5s pool=13 ref5=[7803, 13328, 14265, 1820, 3990] J=[0.28, 0.34, 0.36, 0.4, 0.42, 0.43, 0.43, 0.43, 0.43, 0.43]
07:41:38 athlete_sport soccer L6: 25.3s pool=13 ref5=[13120, 9743, 14948, 1864, 13145] J=[0.07, 0.09, 0.11, 0.12, 0.12, 0.12, 0.12, 0.12, 0.12, 0.12]
07:42:11 athlete_sport tennis L6: 32.9s pool=15 ref5=[9288, 13120, 8842, 11186, 10189] J=[0.24, 0.26, 0.27, 0.27, 0.27, 0.28, 0.28, 0.27, 0.27, 0.27]
07:42:39 athlete_sport golf L6: 27.4s pool=15 ref5=[12678, 13145, 9967, 14948] J=[0.24, 0.25, 0.27, 0.27, 0.27, 0.27, 0.27, 0.27, 0.27, 0.26]
07:43:34 langid French L6: 55.1s pool=16 ref5=[13057, 12379, 12405, 5788, 3081] J=[0.17, 0.21, 0.24, 0.29, 0.3, 0.32, 0.33, 0.35, 0.36, 0.33]
07:44:20 langid Spanish L6: 45.7s pool=15 ref5=[12943, 14009, 5788, 7074] J=[0.38, 0.54, 0.57, 0.59, 0.59, 0.58, 0.58, 0.57, 0.56, 0.54]
07:45:08 langid German L6: 47.9s pool=16 ref5=[4823, 5788, 12379, 10596, 11069] J=[0.32, 0.34, 0.4, 0.46, 0.48, 0.51, 0.56, 0.57, 0.64, 0.59]
07:45:54 langid Italian L6: 46.0s pool=14 ref5=[9687, 10352, 8837, 7074, 6097] J=[0.1, 0.19, 0.25, 0.29, 0.32, 0.34, 0.34, 0.36, 0.34, 0.39]
08:00:48 country_capital Kenya L18: 11.5s pool=12 ref5=[12823] J=[0.79, 0.77, 0.75, 0.72, 0.68, 0.61, 0.59, 0.56, 0.55, 0.55]
08:01:01 country_capital Peru L18: 12.4s pool=12 ref5=[7533, 967, 11416] J=[0.48, 0.48, 0.48, 0.48, 0.48, 0.48, 0.48, 0.47, 0.47, 0.47]
08:02:27 country_capital France L18: 14.8s pool=16 ref5=[3533, 7533, 13527, 11695, 11572] J=[0.31, 0.4, 0.53, 0.54, 0.54, 0.54, 0.54, 0.54, 0.54, 0.54]
08:02:41 country_capital Japan L18: 14.0s pool=14 ref5=[11803, 7533, 14224, 4118, 12049] J=[0.08, 0.18, 0.37, 0.38, 0.39, 0.4, 0.4, 0.4, 0.4, 0.39]
08:02:55 country_capital Germany L18: 14.3s pool=15 ref5=[13527, 7533, 2805, 11803, 10907] J=[0.08, 0.16, 0.19, 0.32, 0.32, 0.34, 0.34, 0.32, 0.36, 0.33]
08:03:09 country_capital Italy L18: 13.8s pool=15 ref5=[7533, 2515, 13527, 6780, 2099] J=[0.1, 0.17, 0.4, 0.4, 0.4, 0.41, 0.41, 0.41, 0.41, 0.4]
08:03:23 country_capital Egypt L18: 14.0s pool=14 ref5=[7533, 11803, 13779, 7901, 15079] J=[0.13, 0.22, 0.39, 0.4, 0.4, 0.41, 0.41, 0.41, 0.39, 0.37]
08:03:36 country_capital Russia L18: 13.0s pool=15 ref5=[11706, 7533, 13527, 8345, 7845] J=[0.17, 0.29, 0.48, 0.49, 0.49, 0.49, 0.49, 0.49, 0.48, 0.47]
08:03:50 country_capital Spain L18: 13.9s pool=16 ref5=[7533, 6876, 13527, 14086, 1782] J=[0.12, 0.25, 0.47, 0.48, 0.48, 0.48, 0.48, 0.48, 0.47, 0.47]
08:04:03 country_capital Greece L18: 13.2s pool=15 ref5=[882, 7533, 8946, 7901, 12485] J=[0.19, 0.49, 0.48, 0.5, 0.51, 0.51, 0.53, 0.53, 0.5, 0.48]
08:04:16 country_capital Kenya L18: 13.1s pool=15 ref5=[12823, 3183, 12049] J=[0.69, 0.73, 0.98, 0.97, 0.96, 0.95, 0.94, 0.93, 0.92, 0.89]
08:04:30 country_capital Peru L18: 13.5s pool=12 ref5=[7533, 13527, 11416, 13056, 967] J=[0.16, 0.38, 0.38, 0.39, 0.39, 0.4, 0.39, 0.38, 0.39, 0.38]
08:04:43 country_capital Thailand L18: 12.5s pool=15 ref5=[7533, 11803, 8683] J=[0.1, 0.19, 0.34, 0.33, 0.33, 0.33, 0.33, 0.33, 0.32, 0.3]
08:04:56 country_capital Norway L18: 13.0s pool=15 ref5=[3656, 7533, 14113] J=[0.7, 0.84, 0.94, 0.93, 0.93, 0.93, 0.92, 0.89, 0.85, 0.8]
08:05:12 country_capital France L12: 16.5s pool=16 ref5=[3792, 4667, 2230, 4336] J=[0.03, 0.07, 0.11, 0.21, 0.21, 0.2, 0.2, 0.21, 0.19, 0.19]
08:05:30 country_capital Japan L12: 17.6s pool=14 ref5=[10243, 11724, 6211, 6214, 3792] J=[0.05, 0.09, 0.11, 0.13, 0.14, 0.16, 0.17, 0.18, 0.19, 0.2]
08:05:49 country_capital Germany L12: 18.6s pool=16 ref5=[10243, 4336, 2230, 11306, 10275] J=[0.04, 0.08, 0.09, 0.11, 0.11, 0.12, 0.12, 0.12, 0.12, 0.13]
08:06:05 country_capital Italy L12: 16.8s pool=15 ref5=[2230, 13431, 6565, 2353, 8817] J=[0.06, 0.08, 0.09, 0.1, 0.1, 0.11, 0.12, 0.11, 0.11, 0.11]
08:06:22 country_capital Egypt L12: 16.8s pool=13 ref5=[2230, 3792, 2353, 1170, 10243] J=[0.06, 0.11, 0.13, 0.15, 0.16, 0.17, 0.17, 0.17, 0.17, 0.16]
08:06:39 country_capital Russia L12: 16.9s pool=12 ref5=[10243, 12279, 6214, 6211, 3140] J=[0.04, 0.05, 0.07, 0.08, 0.09, 0.1, 0.1, 0.12, 0.12, 0.14]
08:06:57 country_capital Spain L12: 18.0s pool=15 ref5=[4336, 2230, 5057, 6565, 11306] J=[0.05, 0.1, 0.13, 0.14, 0.14, 0.23, 0.24, 0.24, 0.24, 0.24]
08:07:14 country_capital Greece L12: 16.6s pool=13 ref5=[4336, 10243, 4667, 5057, 2230] J=[0.06, 0.1, 0.12, 0.15, 0.25, 0.27, 0.14, 0.25, 0.21, 0.21]
08:07:31 country_capital Kenya L12: 17.4s pool=13 ref5=[12671, 11087, 13269, 15785, 5719] J=[0.04, 0.08, 0.1, 0.11, 0.13, 0.15, 0.16, 0.17, 0.19, 0.19]
08:07:48 country_capital Peru L12: 17.1s pool=12 ref5=[3140, 10641, 11724, 2291, 13075] J=[0.05, 0.08, 0.12, 0.14, 0.16, 0.19, 0.18, 0.21, 0.23, 0.23]
08:08:04 country_capital Thailand L12: 15.5s pool=12 ref5=[10243, 4336, 11724, 7498, 2620] J=[0.05, 0.09, 0.13, 0.15, 0.16, 0.17, 0.18, 0.18, 0.18, 0.18]
08:08:22 country_capital Norway L12: 17.6s pool=14 ref5=[10243, 4336, 11333, 680, 3792] J=[0.04, 0.11, 0.13, 0.15, 0.15, 0.16, 0.16, 0.16, 0.17, 0.16]
