08:14:08 city_state Texas L18 null 31.3s
08:14:39 city_state California L18 null 30.6s
08:15:08 city_state Florida L18 null 29.6s
08:15:38 city_state New York L18 null 29.9s
08:16:07 city_state Ohio L18 feasible 28.9s
08:16:36 city_state Pennsylvania L18 null 28.6s
08:17:06 city_state Michigan L18 feasible 29.8s
08:17:35 city_state Illinois L18 feasible 28.9s
08:18:03 city_state Georgia L18 feasible 27.9s
08:18:32 city_state Arizona L18 feasible 29.4s
08:19:11 city_state Washington L18 feasible 38.9s
08:19:55 city_state Massachusetts L18 feasible 43.4s
08:20:39 city_capital Texas L18 feasible 44.6s
08:21:27 city_capital California L18 feasible 47.3s
08:22:25 city_capital Florida L18 null 57.9s
08:23:13 city_capital Ohio L18 feasible 48.7s
08:24:10 city_capital Pennsylvania L18 null 57.0s
08:25:03 city_capital Illinois L18 feasible 52.4s
08:25:53 city_capital Georgia L18 feasible 50.6s
08:26:39 city_capital Arizona L18 feasible 45.9s
08:27:30 city_capital Washington L18 feasible 50.6s
08:28:13 city_capital Massachusetts L18 feasible 43.0s
08:28:56 country_lang Arabic L18 null 42.9s
08:29:35 country_lang French L18 feasible 39.2s
08:30:24 country_lang Portuguese L18 feasible 49.2s
08:31:11 country_lang English L18 null 46.7s
08:32:02 athlete_sport soccer L18 null 50.3s
08:32:48 athlete_sport tennis L18 null 46.5s
08:33:34 athlete_sport golf L18 feasible 46.0s
08:34:15 athlete_sport baseball L18 null 40.9s
08:34:57 athlete_sport hockey L18 feasible 41.7s
08:35:52 langid French L18 feasible 55.3s
08:36:52 langid Spanish L18 feasible 59.6s
08:37:46 langid Italian L18 feasible 53.9s
08:38:37 langid Portuguese L18 feasible 51.0s
08:39:34 langid Dutch L18 feasible 57.0s
08:40:27 city_state Texas L12 null 52.6s
08:41:22 city_state Florida L12 null 55.5s
08:42:22 city_state New York L12 null 59.6s
08:43:26 city_state Ohio L12 feasible 63.6s
08:55:10 city_state Pennsylvania L12 feasible 76.9s
08:56:34 city_state Michigan L12 null 84.0s
08:57:56 city_state Illinois L12 feasible 81.3s
08:58:58 city_state Georgia L12 feasible 62.4s
09:00:01 city_state Washington L12 null 62.9s
09:00:58 city_state Massachusetts L12 feasible 57.0s
09:02:06 city_capital California L12 feasible 68.1s
09:03:27 city_capital Florida L12 feasible 80.7s
09:04:30 city_capital Ohio L12 feasible 62.8s
09:05:30 city_capital Pennsylvania L12 feasible 60.2s
09:06:32 city_capital Michigan L12 null 62.2s
09:07:29 city_capital Illinois L12 feasible 56.4s
09:08:39 city_capital Georgia L12 feasible 69.7s
09:09:42 city_capital Washington L12 null 63.8s
09:10:37 city_capital Massachusetts L12 feasible 54.5s
09:11:34 country_lang Spanish L12 null 57.2s
09:12:28 country_lang Arabic L12 feasible 53.4s
09:13:14 country_lang French L12 feasible 45.9s
09:13:45 country_lang Portuguese L12 feasible 31.8s
09:14:21 country_lang English L12 null 35.7s
09:14:59 athlete_sport basketball L12 null 38.2s
09:15:35 athlete_sport soccer L12 null 35.5s
09:16:13 athlete_sport tennis L12 null 38.2s
09:16:52 athlete_sport golf L12 null 39.2s
09:17:30 athlete_sport baseball L12 null 37.2s
09:18:33 langid French L12 null 62.8s
09:19:33 langid Spanish L12 null 60.7s
09:20:32 langid German L12 null 59.1s
09:21:29 langid Italian L12 feasible 56.0s
09:22:27 langid Portuguese L12 feasible 58.0s
09:23:26 langid Dutch L12 feasible 59.2s
09:24:23 langid Polish L12 feasible 57.5s
09:25:19 langid Turkish L12 feasible 55.6s
